// Jest Snapshot v1, https://goo.gl/fbAQLP

exports[`renders content component 1`] = `
<div>
  <header
    class="sc-dmyDmy keQzmP"
    data-testid="headerContainer"
  >
    <img
      alt="logo"
      data-nimg="1"
      decoding="async"
      height="40"
      loading="lazy"
      src="/_next/image?url=%2Fimages%2Flogo_ml.png&w=128&q=75"
      srcset="/_next/image?url=%2Fimages%2Flogo_ml.png&w=64&q=75 1x, /_next/image?url=%2Fimages%2Flogo_ml.png&w=128&q=75 2x"
      style="color: transparent;"
      width="55"
    />
    <form
      class="sc-hLQTFJ lmISJI"
    >
      <input
        class="sc-eDLKEg inOmtK"
      />
      <button
        class="sc-jTQDJr bAekSU"
        type="submit"
      >
        <img
          alt="searcher"
          data-nimg="1"
          decoding="async"
          height="25"
          loading="lazy"
          src="/icons/search-icon.svg"
          style="color: transparent;"
          width="20"
        />
      </button>
    </form>
  </header>
  <div
    class="sc-beyTiQ oSrHs"
    data-testid="emptyResultsContainer"
  >
    <p
      class="sc-guDMob kbsjPd"
    >
      Intenta realizar una búsqueda para visualizar una lista de productos.
    </p>
  </div>
  <div
    class="sc-iuONiq gtJDMV"
    data-testid="sidebarContainer"
  >
    <button
      class="sc-cyZbyy dElDGH"
    >
      Cerrar
    </button>
    <div
      class="sc-gLLuHO czAYed"
      data-testid="priceFilterContainer"
    >
      <h3
        class="sc-iBdoyZ fWqRpT"
      >
        Precio
      </h3>
      <ul
        class="sc-fsYfxw ecjrvm"
      >
        <li
          class="sc-qZruQ eLdDQH"
        >
          <form
            class="sc-csKJRI cSAIeg"
          >
            <div
              class="sc-eTNxZ dRFuA-D"
            >
              <input
                class="sc-brSaGm iFYCPk"
                placeholder="Mínimo"
                type="number"
              />
            </div>
            <div
              class="sc-eTNxZ dRFuA-D"
            >
              <input
                class="sc-brSaGm iFYCPk"
                placeholder="Máximo"
                type="number"
              />
            </div>
            <div
              class="sc-eTNxZ dRFuA-D"
            >
              <button
                class="sc-ktwNLz hmGNUd"
                disabled=""
              >
                <img
                  alt="submit price filter"
                  data-nimg="1"
                  decoding="async"
                  height="20"
                  loading="lazy"
                  src="/icons/arrow-filter-icon.svg"
                  style="color: transparent;"
                  width="20"
                />
              </button>
            </div>
          </form>
        </li>
      </ul>
    </div>
  </div>
</div>
`;
