// Jest Snapshot v1, https://goo.gl/fbAQLP

exports[`renders EmptyState component 1`] = `
<div>
  <div
    class="sc-beyTiQ TyDoB"
    data-testid="emptyResultsContainer"
  >
    <p
      class="sc-guDMob kbsjPd"
    >
      Intenta realizar una b√∫squeda para visualizar una lista de productos.
    </p>
  </div>
</div>
`;
